<html>
<body>
<pre>
<h1>µVision Build Log</h1>
<h2>Project:</h2>
C:\Users\Tomasz Jurczyk\Desktop\JURCZYK\JURCZYK.uvproj
Project File Date:  06/06/2019

<h2>Output:</h2>
Rebuild target 'Target 1'
assembling Startup.s...
compiling main.c...
led.h(3): warning:  #1-D: last line of file ends without a newline
keyboard.h(3): warning:  #1-D: last line of file ends without a newline
main.c(39): warning:  #1-D: last line of file ends without a newline
compiling led.c...
led.h(3): warning:  #1-D: last line of file ends without a newline
led.c(58): warning:  #1-D: last line of file ends without a newline
compiling keyboard.c...
keyboard.h(3): warning:  #1-D: last line of file ends without a newline
keyboard.c(30): warning:  #1-D: last line of file ends without a newline
linking...
Program Size: Code=1340 RO-data=32 RW-data=4 ZI-data=1260  
FromELF: creating hex file...
".\JURCZYK.axf" - 0 Errors, 7 Warning(s).
